// Jest Snapshot v1, https://goo.gl/fbAQLP

exports[`createResource is returns a resource when passed a getter, setter, entryPredicate, and loader 1`] = `
Array [
  Array [
    "id",
    "string",
  ],
  Array [
    "getState",
    "function",
  ],
  Array [
    "setState",
    "function",
  ],
  Array [
    "refresh",
    "function",
  ],
  Array [
    "useEntry",
    "function",
  ],
  Array [
    "subscribe",
    "function",
  ],
]
`;

exports[`createResource is returns a resource when passed a getter, setter, entryPredicate, loader, and getInitialState 1`] = `
Array [
  Array [
    "id",
    "string",
  ],
  Array [
    "getState",
    "function",
  ],
  Array [
    "setState",
    "function",
  ],
  Array [
    "refresh",
    "function",
  ],
  Array [
    "useEntry",
    "function",
  ],
  Array [
    "subscribe",
    "function",
  ],
]
`;
